###############################################################################
#
# IAR ELF Linker V8.40.1.212/W32 for ARM                  28/Dec/2022  23:42:09
# Copyright 2007-2019 IAR Systems AB.
#
#    Output file  =
#        C:\Users\Abduaws\Desktop\timer_withSecondCode\Debug\Exe\timer.out
#    Map file     =
#        C:\Users\Abduaws\Desktop\timer_withSecondCode\Debug\List\timer.map
#    Command line =
#        -f C:\Users\Abduaws\AppData\Local\Temp\EW2165.tmp
#        (C:\Users\Abduaws\Desktop\timer_withSecondCode\Debug\Obj\calculator.o
#        C:\Users\Abduaws\Desktop\timer_withSecondCode\Debug\Obj\DIO.o
#        C:\Users\Abduaws\Desktop\timer_withSecondCode\Debug\Obj\keypad.o
#        C:\Users\Abduaws\Desktop\timer_withSecondCode\Debug\Obj\lcd.o
#        C:\Users\Abduaws\Desktop\timer_withSecondCode\Debug\Obj\main.o
#        C:\Users\Abduaws\Desktop\timer_withSecondCode\Debug\Obj\stopwatch.o
#        C:\Users\Abduaws\Desktop\timer_withSecondCode\Debug\Obj\timer.o
#        --no_out_extension -o
#        C:\Users\Abduaws\Desktop\timer_withSecondCode\Debug\Exe\timer.out
#        --redirect _Printf=_PrintfFullNoMb --redirect _Scanf=_ScanfFullNoMb
#        --map
#        C:\Users\Abduaws\Desktop\timer_withSecondCode\Debug\List\timer.map
#        --config "E:\Programs\IAR Systems\Embedded
#        Workbench\arm\config\linker\TexasInstruments\TM4C123GH6.icf"
#        --semihosting
#        C:\ti\tivaware_c_series_2_1_4_178\driverlib\ewarm\Exe\driverlib.a
#        --entry __iar_program_start --vfe --text_out locale)
#
###############################################################################

*******************************************************************************
*** MESSAGES
***

Warning[Lt009]: Inconsistent wchar_t size
            gpio.o(driverlib.a) and 4 other objects in driverlib.a have wchar_t
                      size 16 bits
            calculator.o and 23 other objects, some of them in dl7M_tln.a and
                      11 other libraries have wchar_t size 32 bits


*******************************************************************************
*** RUNTIME MODEL ATTRIBUTES
***

CppFlavor       = *
__CPP_Runtime   = 1
__SystemLibrary = DLib
__dlib_version  = 6


*******************************************************************************
*** HEAP SELECTION
***

The basic heap was selected because some modules are built with
size limitations (and not runtime checking), and --advanced_heap
was not specified.


*******************************************************************************
*** PLACEMENT SUMMARY
***

"A0":  place at address 0x0 { ro section .intvec };
"P1":  place in [from 0x0 to 0x3'ffff] { ro };
define block CSTACK with size = 4K, alignment = 8 { };
define block HEAP with size = 8K, alignment = 8 { };
"P2":  place in [from 0x2000'0000 to 0x2000'7fff] {
          rw, block CSTACK, block HEAP };
initialize by copy { rw };

  Section            Kind         Address    Size  Object
  -------            ----         -------    ----  ------
"A0":                                        0x40
  .intvec            ro code          0x0    0x40  vector_table_M.o [5]
                                   - 0x40    0x40

"P1":                                      0x3488
  .text              ro code         0x40   0xfaa  xprintffull_nomb.o [2]
  .text              ro code        0xfea    0x3a  zero_init3.o [5]
  .text              ro code       0x1024    0x16  strchr.o [5]
  .text              ro code       0x103a    0x2e  copy_init3.o [5]
  .text              ro code       0x1068    0x40  xfail_s.o [2]
  .text              ro code       0x10a8    0x36  strlen.o [5]
  .text              ro code       0x10de     0xa  xsprout.o [2]
  .text              ro code       0x10e8    0x58  memchr.o [5]
  .text              ro code       0x1140    0x76  ABImemcpy_unaligned.o [5]
  .text              ro code       0x11b6     0x2  vector_table_M.o [5]
  .text              ro code       0x11b8    0x70  frexp.o [4]
  .text              ro code       0x1228    0x2e  DblCmpLe.o [4]
  .text              ro code       0x1258    0x2e  DblCmpGe.o [4]
  .text              ro code       0x1288   0x13a  ldexp.o [4]
  .text              ro code       0x13c4    0x3a  DblToS32.o [4]
  .text              ro code       0x1400    0x22  S32ToDbl.o [4]
  .text              ro code       0x1424    0xe2  DblSub.o [4]
  .text              ro code       0x1508   0x246  DblDiv.o [4]
  .text              ro code       0x1750    0x28  DblToU32.o [4]
  .text              ro code       0x1778    0x1a  U32ToDbl.o [4]
  .text              ro code       0x1794   0x1a2  DblMul.o [4]
  .text              ro code       0x1938   0x230  I64DivMod.o [5]
  .text              ro code       0x1b68     0x6  abort.o [2]
  .text              ro code       0x1b70   0x16a  DblAdd.o [4]
  .text              ro code       0x1cdc     0x2  I64DivZer.o [5]
  .text              ro code       0x1ce0    0x14  exit.o [6]
  .text              ro code       0x1cf4   0x3d4  DIO.o [1]
  .text              ro code       0x20c8   0x3b4  gpio.o [3]
  .text              ro code       0x247c    0xa0  interrupt.o [3]
  .text              ro code       0x251c   0x2ba  lcd.o [1]
  .text              ro code       0x27d8    0x4c  sysctl.o [3]
  .text              ro code       0x2824   0x2b4  main.o [1]
  .text              ro code       0x2ad8   0x19c  timer.o [3]
  .text              ro code       0x2c74   0x26c  timer.o [1]
  .text              ro code       0x2ee0   0x13c  stopwatch.o [1]
  .text              ro code       0x301c    0xe4  keypad.o [1]
  .text              ro code       0x3100   0x1dc  calculator.o [1]
  .text              ro code       0x32dc    0x40  sprintf.o [2]
  .text              ro code       0x331c    0x48  FltToDbl.o [4]
  .text              ro code       0x3364    0x28  data_init.o [5]
  .text              ro code       0x338c    0x22  fpinit_M.o [4]
  .iar.init_table    const         0x33b0    0x24  - Linker created -
  .text              ro code       0x33d4    0x1e  cmain.o [5]
  .text              ro code       0x33f2     0x4  low_level_init.o [2]
  .text              ro code       0x33f6     0x4  exit.o [2]
  .text              ro code       0x33fc     0xa  cexit.o [5]
  .rodata            const         0x3408    0x18  main.o [1]
  .rodata            const         0x3420    0x14  main.o [1]
  Initializer bytes  const         0x3434    0x14  <for P2-1>
  .rodata            const         0x3448    0x10  main.o [1]
  .rodata            const         0x3458     0xc  main.o [1]
  .rodata            const         0x3464     0xc  main.o [1]
  .rodata            const         0x3470     0xc  main.o [1]
  .rodata            const         0x347c     0xc  main.o [1]
  .rodata            const         0x3488     0xc  main.o [1]
  .text              ro code       0x3494     0xc  cstartup_M.o [5]
  .rodata            const         0x34a0     0x8  calculator.o [1]
  .rodata            const         0x34a8     0x8  calculator.o [1]
  .rodata            const         0x34b0     0x8  calculator.o [1]
  .rodata            const         0x34b8     0x8  main.o [1]
  .rodata            const         0x34c0     0x8  xprintffull_nomb.o [2]
  .rodata            const         0x34c8     0x0  zero_init3.o [5]
  .rodata            const         0x34c8     0x0  copy_init3.o [5]
                                 - 0x34c8  0x3488

"P2", part 1 of 3:                           0x14
  P2-1                        0x2000'0000    0x13  <Init block>
    .data            inited   0x2000'0000    0x10  keypad.o [1]
    .data            inited   0x2000'0010     0x1  main.o [1]
    .data            inited   0x2000'0011     0x1  main.o [1]
    .data            inited   0x2000'0012     0x1  main.o [1]
                            - 0x2000'0013    0x13

"P2", part 2 of 3:                          0x6b4
  VTABLE             zero     0x2000'0400   0x26c  interrupt.o [3]
  .bss               zero     0x2000'066c    0x1c  main.o [1]
  .bss               zero     0x2000'0688     0x8  main.o [1]
  .bss               zero     0x2000'0690     0x8  main.o [1]
  .bss               zero     0x2000'0698     0x4  main.o [1]
  .bss               zero     0x2000'069c     0x4  main.o [1]
  .bss               zero     0x2000'06a0     0x4  main.o [1]
  .bss               zero     0x2000'06a4     0x4  main.o [1]
  .bss               zero     0x2000'06a8     0x4  main.o [1]
  .bss               zero     0x2000'06ac     0x4  main.o [1]
  .bss               zero     0x2000'06b0     0x4  main.o [1]
  .bss               zero     0x2000'06b4     0x4  main.o [1]
  .bss               zero     0x2000'06b8     0x4  main.o [1]
  .bss               zero     0x2000'06bc     0x4  main.o [1]
  .bss               zero     0x2000'06c0     0x4  xfail_s.o [2]
  .bss               zero     0x2000'06c4     0x1  main.o [1]
                            - 0x2000'06c5   0x6b1

"P2", part 3 of 3:                         0x1000
  CSTACK                      0x2000'06c8  0x1000  <Block>
    CSTACK           uninit   0x2000'06c8  0x1000  <Block tail>
                            - 0x2000'16c8  0x1000

Unused ranges:

         From           To      Size
         ----           --      ----
       0x34c8     0x3'ffff  0x3'cb38
  0x2000'16c8  0x2000'7fff    0x6938


*******************************************************************************
*** INIT TABLE
***

          Address      Size
          -------      ----
Zero (__iar_zero_init3)
    1 destination range, total size 0x2c5:
          0x2000'0400  0x2c5

Copy (__iar_copy_init3)
    1 source range, total size 0x14 (105% of destination):
               0x3434   0x14
    1 destination range, total size 0x13:
          0x2000'0000   0x13



*******************************************************************************
*** MODULE SUMMARY
***

    Module                 ro code  ro data  rw data
    ------                 -------  -------  -------
command line/config:
    ------------------------------------------------
    Total:

C:\Users\Abduaws\Desktop\timer_withSecondCode\Debug\Obj: [1]
    DIO.o                      980
    calculator.o               476       24
    keypad.o                   228       16       16
    lcd.o                      698
    main.o                     692      131       88
    stopwatch.o                316
    timer.o                    620
    ------------------------------------------------
    Total:                   4'010      171      104

dl7M_tln.a: [2]
    abort.o                      6
    exit.o                       4
    low_level_init.o             4
    sprintf.o                   64
    xfail_s.o                   64                 4
    xprintffull_nomb.o       4'010        8
    xsprout.o                   10
    ------------------------------------------------
    Total:                   4'162        8        4

driverlib.a: [3]
    gpio.o                     948
    interrupt.o                160               620
    sysctl.o                    76
    timer.o                    412
    ------------------------------------------------
    Total:                   1'596               620

m7M_tls.a: [4]
    DblAdd.o                   362
    DblCmpGe.o                  46
    DblCmpLe.o                  46
    DblDiv.o                   582
    DblMul.o                   418
    DblSub.o                   226
    DblToS32.o                  58
    DblToU32.o                  40
    FltToDbl.o                  72
    S32ToDbl.o                  34
    U32ToDbl.o                  26
    fpinit_M.o                  34
    frexp.o                    112
    ldexp.o                    314
    ------------------------------------------------
    Total:                   2'370

rt7M_tl.a: [5]
    ABImemcpy_unaligned.o      118
    I64DivMod.o                560
    I64DivZer.o                  2
    cexit.o                     10
    cmain.o                     30
    copy_init3.o                46
    cstartup_M.o                12
    data_init.o                 40
    memchr.o                    88
    strchr.o                    22
    strlen.o                    54
    vector_table_M.o            66
    zero_init3.o                58
    ------------------------------------------------
    Total:                   1'106

shb_l.a: [6]
    exit.o                      20
    ------------------------------------------------
    Total:                      20

    Gaps                        28        4    1'004
    Linker created                       37    4'096
----------------------------------------------------
    Grand Total:            13'292      220    5'828


*******************************************************************************
*** ENTRY LIST
***

Entry                       Address   Size  Type      Object
-----                       -------   ----  ----      ------
.iar.init_table$$Base        0x33b0          --   Gb  - Linker created -
.iar.init_table$$Limit       0x33d4          --   Gb  - Linker created -
?main                        0x33d5         Code  Gb  cmain.o [5]
CSTACK$$Base            0x2000'06c8          --   Gb  - Linker created -
CSTACK$$Limit           0x2000'16c8          --   Gb  - Linker created -
ChangeMode                   0x2897   0x90  Code  Gb  main.o [1]
DIO_Init                     0x1cf5  0x1e8  Code  Gb  DIO.o [1]
DIO_ReadPin                  0x1fd9   0x70  Code  Gb  DIO.o [1]
DIO_WritePin                 0x1edd   0xfc  Code  Gb  DIO.o [1]
GPIODirModeSet               0x2109   0x28  Code  Gb  gpio.o [3]
GPIOIntClear                 0x2281    0x6  Code  Gb  gpio.o [3]
GPIOIntEnable                0x227b    0x6  Code  Gb  gpio.o [3]
GPIOIntRegister              0x2287   0x14  Code  Gb  gpio.o [3]
GPIOIntTypeSet               0x2131   0x4c  Code  Gb  gpio.o [3]
GPIOPadConfigSet             0x217d   0xfe  Code  Gb  gpio.o [3]
GPIOPinRead                  0x22a3    0x6  Code  Gb  gpio.o [3]
GPIOPinTypeGPIOInput         0x22b3   0x14  Code  Gb  gpio.o [3]
GPIOPinWrite                 0x22a9    0x6  Code  Gb  gpio.o [3]
GetCalculatorInput           0x312d  0x184  Code  Gb  calculator.o [1]
GetStopWatchInput            0x2ee1   0x80  Code  Gb  stopwatch.o [1]
GetTimerInput                0x2d3d   0x94  Code  Gb  timer.o [1]
IntEnable                    0x24a3   0x56  Code  Gb  interrupt.o [3]
IntRegister                  0x247d   0x26  Code  Gb  interrupt.o [3]
LCD4bits_Cmd                 0x2593   0x2e  Code  Gb  lcd.o [1]
LCD4bits_Init                0x251d   0x36  Code  Gb  lcd.o [1]
LCD_Clear                    0x2761   0x12  Code  Gb  lcd.o [1]
LCD_Command                  0x2619   0x7e  Code  Gb  lcd.o [1]
LCD_Cursor                   0x2729   0x38  Code  Gb  lcd.o [1]
LCD_Print                    0x2773   0x64  Code  Gb  lcd.o [1]
LCD_Show                     0x2697   0x7e  Code  Gb  lcd.o [1]
LCD_Write4bits               0x2553   0x40  Code  Gb  lcd.o [1]
Region$$Table$$Base          0x33b0          --   Gb  - Linker created -
Region$$Table$$Limit         0x33d4          --   Gb  - Linker created -
SysCtlDelay                  0x2815    0x8  Code  Gb  sysctl.o [3]
SysCtlPeripheralEnable       0x27f9    0x8  Code  Gb  sysctl.o [3]
SysCtlPeripheralReady        0x27d9    0x8  Code  Gb  sysctl.o [3]
TimerConfigure               0x2b33   0x52  Code  Gb  timer.o [3]
TimerDisable                 0x2b27    0xc  Code  Gb  timer.o [3]
TimerEnable                  0x2b1b    0xc  Code  Gb  timer.o [3]
TimerIntClear                0x2bd1    0x4  Code  Gb  timer.o [3]
TimerIntEnable               0x2bbf    0x4  Code  Gb  timer.o [3]
TimerIntRegister             0x2ba5   0x1a  Code  Gb  timer.o [3]
TimerLoadSet                 0x2b95   0x10  Code  Gb  timer.o [3]
TimerTime               0x2000'06ac    0x4  Data  Gb  main.o [1]
Timerdelay                   0x2d21   0x1c  Code  Gb  timer.o [1]
_GPIOIntNumberGet            0x20c9   0x40  Code  Lc  gpio.o [3]
_LitobFullNoMb                0xde5  0x10a  Code  Lc  xprintffull_nomb.o [2]
_PrintfFullNoMb                0x41  0xd80  Code  Gb  xprintffull_nomb.o [2]
_PutcharFullNoMb              0xf55   0x20  Code  Lc  xprintffull_nomb.o [2]
_PutcharsFullNoMb             0xf75   0x2e  Code  Lc  xprintffull_nomb.o [2]
_SProut                      0x10df    0xa  Code  Gb  xsprout.o [2]
_TimerIntNumberGet           0x2ad9   0x42  Code  Lc  timer.o [3]
__aeabi_cdcmple              0x1229         Code  Gb  DblCmpLe.o [4]
__aeabi_cdrcmple             0x1259         Code  Gb  DblCmpGe.o [4]
__aeabi_d2iz                 0x13c5         Code  Gb  DblToS32.o [4]
__aeabi_d2uiz                0x1751         Code  Gb  DblToU32.o [4]
__aeabi_ddiv                 0x1509         Code  Gb  DblDiv.o [4]
__aeabi_dmul                 0x1795         Code  Gb  DblMul.o [4]
__aeabi_dsub                 0x1425         Code  Gb  DblSub.o [4]
__aeabi_f2d                  0x331d         Code  Gb  FltToDbl.o [4]
__aeabi_i2d                  0x1401         Code  Gb  S32ToDbl.o [4]
__aeabi_ldiv0                0x1cdd         Code  Gb  I64DivZer.o [5]
__aeabi_ui2d                 0x1779         Code  Gb  U32ToDbl.o [4]
__aeabi_uldivmod             0x1939         Code  Gb  I64DivMod.o [5]
__cmain                      0x33d5         Code  Gb  cmain.o [5]
__exit                       0x1ce1   0x14  Code  Gb  exit.o [6]
__iar_Fail_s                 0x1069   0x1c  Code  Gb  xfail_s.o [2]
__iar_Memchr                 0x10e9         Code  Gb  memchr.o [5]
__iar_Strchr                 0x1025         Code  Gb  strchr.o [5]
__iar_copy_init3             0x103b   0x2e  Code  Gb  copy_init3.o [5]
__iar_dadd                   0x1435         Code  Gb  DblSub.o [4]
__iar_data_init3             0x3365   0x28  Code  Gb  data_init.o [5]
__iar_dsub                   0x1b71         Code  Gb  DblAdd.o [4]
__iar_dsubStart              0x1b83         Code  Gb  DblAdd.o [4]
__iar_frexp                  0x11c5         Code  Gb  frexp.o [4]
__iar_frexpl                 0x11c5         Code  Gb  frexp.o [4]
__iar_init_vfp               0x338d         Code  Gb  fpinit_M.o [4]
__iar_ldexp64                0x1289         Code  Gb  ldexp.o [4]
__iar_program_start          0x3495         Code  Gb  cstartup_M.o [5]
__iar_scalbln64              0x1289         Code  Gb  ldexp.o [4]
__iar_scalbn64               0x1289         Code  Gb  ldexp.o [4]
__iar_softfp___iar_frexp64
                             0x11b9         Code  Gb  frexp.o [4]
__iar_softfp_frexp           0x11b9         Code  Gb  frexp.o [4]
__iar_softfp_frexpl          0x11b9         Code  Gb  frexp.o [4]
__iar_unaligned_memcpy       0x1141         Code  Gb  ABImemcpy_unaligned.o [5]
__iar_unaligned_memcpy4
                             0x1161         Code  Gb  ABImemcpy_unaligned.o [5]
__iar_unaligned_memcpy8
                             0x1161         Code  Gb  ABImemcpy_unaligned.o [5]
__iar_zero_init3              0xfeb   0x3a  Code  Gb  zero_init3.o [5]
__low_level_init             0x33f3    0x4  Code  Gb  low_level_init.o [2]
__vector_table                  0x0         Data  Gb  vector_table_M.o [5]
_call_main                   0x33e1         Code  Gb  cmain.o [5]
_exit                        0x33fd         Code  Gb  cexit.o [5]
_main                        0x33ef         Code  Gb  cmain.o [5]
abort                        0x1b69    0x6  Code  Gb  abort.o [2]
calculator              0x2000'066c   0x1c  Data  Gb  main.o [1]
delay                        0x301d   0x14  Code  Lc  keypad.o [1]
delay                        0x2825   0x14  Code  Gb  main.o [1]
delayMs                      0x25c1   0x2e  Code  Gb  lcd.o [1]
delayUs                      0x25ef   0x2a  Code  Gb  lcd.o [1]
delay_t                      0x2c75   0x14  Code  Gb  timer.o [1]
digit_place             0x2000'0012    0x1  Data  Gb  main.o [1]
exit                         0x33f7    0x4  Code  Gb  exit.o [2]
g_pfnRAMVectors         0x2000'0400  0x26c  Data  Lc  interrupt.o [3]
g_ppui32GPIOIntMapBlizzard
                             0x22e4   0xc0  Data  Lc  gpio.o [3]
g_ppui32GPIOIntMapSnowflake
                             0x23a4   0xd8  Data  Lc  gpio.o [3]
g_ppui32TimerIntMap          0x2bd4   0x60  Data  Lc  timer.o [3]
g_ppui32TimerIntMapSnowflake
                             0x2c34   0x40  Data  Lc  timer.o [3]
g_pui32EnRegs                0x2508   0x14  Data  Lc  interrupt.o [3]
getOp                        0x3101   0x2c  Code  Gb  calculator.o [1]
get_seconds                  0x2c89   0x26  Code  Gb  timer.o [1]
isOpEntered             0x2000'06c4    0x1  Data  Gb  main.o [1]
keypad_init                  0x3031   0x5e  Code  Gb  keypad.o [1]
keypad_read                  0x308f   0x6c  Code  Gb  keypad.o [1]
keys                    0x2000'0000   0x10  Data  Gb  keypad.o [1]
ldexp                        0x1289         Code  Gb  ldexp.o [4]
ldexpl                       0x1289         Code  Gb  ldexp.o [4]
main                         0x2929  0x12e  Code  Gb  main.o [1]
memchr                       0x10e9         Code  Gb  memchr.o [5]
minutes_1               0x2000'06b0    0x4  Data  Gb  main.o [1]
minutes_2               0x2000'06b4    0x4  Data  Gb  main.o [1]
mode                    0x2000'0698    0x4  Data  Gb  main.o [1]
opCode                  0x2000'0011    0x1  Data  Gb  main.o [1]
previousMode            0x2000'069c    0x4  Data  Gb  main.o [1]
printFlag               0x2000'0010    0x1  Data  Gb  main.o [1]
scalbln                      0x1289         Code  Gb  ldexp.o [4]
scalblnl                     0x1289         Code  Gb  ldexp.o [4]
scalbn                       0x1289         Code  Gb  ldexp.o [4]
scalbnl                      0x1289         Code  Gb  ldexp.o [4]
scale                         0xeef   0x46  Code  Lc  xprintffull_nomb.o [2]
sec_hand                0x2000'06c0    0x4  Data  Lc  xfail_s.o [2]
seconds_1               0x2000'06b8    0x4  Data  Gb  main.o [1]
seconds_2               0x2000'06bc    0x4  Data  Gb  main.o [1]
seconds_to_format            0x2caf   0x72  Code  Gb  timer.o [1]
sprintf                      0x32dd   0x40  Code  Gb  sprintf.o [2]
stopwatch               0x2000'0688    0x8  Data  Gb  main.o [1]
stopwatchInit                0x2fc3   0x36  Code  Gb  stopwatch.o [1]
strchr                       0x1025         Code  Gb  strchr.o [5]
strlen                       0x10a9         Code  Gb  strlen.o [5]
timer                   0x2000'0690    0x8  Data  Gb  main.o [1]
timerInit                    0x2e7b   0x36  Code  Gb  timer.o [1]
toggle_Buzzer                0x2dd1   0xaa  Code  Gb  timer.o [1]
toggle_StopWatch             0x2f61   0x62  Code  Gb  stopwatch.o [1]
welcome                      0x2839   0x5e  Code  Gb  main.o [1]
x                       0x2000'06a0    0x4  Data  Gb  main.o [1]
y                       0x2000'06a4    0x4  Data  Gb  main.o [1]
z                       0x2000'06a8    0x4  Data  Gb  main.o [1]


[1] = C:\Users\Abduaws\Desktop\timer_withSecondCode\Debug\Obj
[2] = dl7M_tln.a
[3] = driverlib.a
[4] = m7M_tls.a
[5] = rt7M_tl.a
[6] = shb_l.a

  13'292 bytes of readonly  code memory
     220 bytes of readonly  data memory
   5'828 bytes of readwrite data memory

Errors: none
Warnings: 1
